// Jest Snapshot v1, https://goo.gl/fbAQLP

exports[`withOpening is rendered correctly 1`] = `<div />`;
