// Jest Snapshot v1, https://goo.gl/fbAQLP

exports[`OfferSorting should render correctly OfferSorting should render correctly when the menu is closed 1`] = `
<form
  action="#"
  className="places__sorting"
  method="get"
>
  <span
    className="places__sorting-caption"
  >
    Sort by
  </span>
  <span
    className="places__sorting-type"
    onClick={[Function]}
    tabIndex="0"
  >
    Popular
    <svg
      className="places__sorting-arrow"
      height="4"
      width="7"
    >
      <use
        xlinkHref="#icon-arrow-select"
      />
    </svg>
  </span>
  <ul
    className="places__options places__options--custom"
  >
    <li
      className="places__option places__option--active"
      onClick={[Function]}
      tabIndex="0"
    >
      Popular
    </li>
    <li
      className="places__option"
      onClick={[Function]}
      tabIndex="0"
    >
      Price: low to high
    </li>
    <li
      className="places__option"
      onClick={[Function]}
      tabIndex="0"
    >
      Price: high to low
    </li>
    <li
      className="places__option"
      onClick={[Function]}
      tabIndex="0"
    >
      Top rated first
    </li>
  </ul>
</form>
`;

exports[`OfferSorting should render correctly when the menu is open 1`] = `
"<Provider store={{...}}>
  <MemoryRouter>
    <Router history={{...}}>
      <OfferSorting currentSortType=\\"Popular\\">
        <form className=\\"places__sorting\\" action=\\"#\\" method=\\"get\\">
          <span className=\\"places__sorting-caption\\">
            Sort by
          </span>
          <span className=\\"places__sorting-type\\" tabIndex=\\"0\\" onClick={[Function: clickMenuHandle]}>
            Popular
            <svg className=\\"places__sorting-arrow\\" width=\\"7\\" height=\\"4\\">
              <use xlinkHref=\\"#icon-arrow-select\\" />
            </svg>
          </span>
          <ul className=\\"places__options places__options--custom places__options--opened\\">
            <Connect(OfferSortingItem) type=\\"Popular\\" onCloseMenu={[Function: onCloseMenu]}>
              <OfferSortingItem type=\\"Popular\\" onCloseMenu={[Function: onCloseMenu]} currentSortType=\\"Popular\\" onChangeSortedType={[Function: onChangeSortedType]}>
                <li className=\\"places__option places__option--active\\" tabIndex=\\"0\\" onClick={[Function: onClick]}>
                  Popular
                </li>
              </OfferSortingItem>
            </Connect(OfferSortingItem)>
            <Connect(OfferSortingItem) type=\\"Price: low to high\\" onCloseMenu={[Function: onCloseMenu]}>
              <OfferSortingItem type=\\"Price: low to high\\" onCloseMenu={[Function: onCloseMenu]} currentSortType=\\"Popular\\" onChangeSortedType={[Function: onChangeSortedType]}>
                <li className=\\"places__option\\" tabIndex=\\"0\\" onClick={[Function: onClick]}>
                  Price: low to high
                </li>
              </OfferSortingItem>
            </Connect(OfferSortingItem)>
            <Connect(OfferSortingItem) type=\\"Price: high to low\\" onCloseMenu={[Function: onCloseMenu]}>
              <OfferSortingItem type=\\"Price: high to low\\" onCloseMenu={[Function: onCloseMenu]} currentSortType=\\"Popular\\" onChangeSortedType={[Function: onChangeSortedType]}>
                <li className=\\"places__option\\" tabIndex=\\"0\\" onClick={[Function: onClick]}>
                  Price: high to low
                </li>
              </OfferSortingItem>
            </Connect(OfferSortingItem)>
            <Connect(OfferSortingItem) type=\\"Top rated first\\" onCloseMenu={[Function: onCloseMenu]}>
              <OfferSortingItem type=\\"Top rated first\\" onCloseMenu={[Function: onCloseMenu]} currentSortType=\\"Popular\\" onChangeSortedType={[Function: onChangeSortedType]}>
                <li className=\\"places__option\\" tabIndex=\\"0\\" onClick={[Function: onClick]}>
                  Top rated first
                </li>
              </OfferSortingItem>
            </Connect(OfferSortingItem)>
          </ul>
        </form>
      </OfferSorting>
    </Router>
  </MemoryRouter>
</Provider>"
`;
